
test/03-func-fact.p(16): Error: syntax error, unexpected string constant, expecting assign ref or assign 
     16 |:....+....:....+....:....+....:....+....:....+....:....+....:....+....:....+....
  print """Factorial of {i} = {fact(i)} \n"""
        |.....................^
Parsing failed
