002|a = '22'
003|b = 3
005|c = (a:'22' + b:3):2.500000e+01
007|println( ~msg c:2.500000e+01 )...
