002|a = 'ccc'
004|println( ~msg a:'ccc' )...
006|funbyref( ~arg a:'ccc' )...
016| arg = 'aaa'
008|println( ~msg a:'aaa' )...
010|funbyarg( ~arg a:'aaa' )...
020| arg = 'bbb'
012|println( ~msg a:'aaa' )...
