008|a = 1
011|println( ~msg '  aaa ' .. (  )...
011| global.a = 2
011| return 'a'
011|println( ~msg '  aaa ' .. (  ):'a' .. '' )...
015|println( ~msg '  bbb ' .. (5 * foo(  )...
005| return 42
015|println( ~msg '  bbb ' .. (5 * foo(  ):42):210 .. ' ' )...
018|println( ~msg a:2 )...
