sh: ../GNU-Linux-3.0.0-12-generic-i686/bin/parser: not found
