**** value { keys  } ***
Monday
Friday
Tuesday
Thursday
Shabbat
Sunday
Wednesday
*** value ***
Monday
Friday
Tuesday
Thursday
Shabbat
Sunday
Wednesday
*** each ***
mon
Monday
fri
Friday
tue
Tuesday
thur
Thursday
sat
Shabbat
sun
Sunday
wed
Wednesday
