*** split in for loop ***
the
quick
brown
fox
jumped
over
the
lazy
dog
*** split returning an array of tokens ***
the
quick
brown
fox
jumped
over
the
lazy
dog
*** split with the : separator ***
the
quick
brown
fox
jumped
over
the
lazy
dog twice
