003|a = 42
004|b = 1
006|[ a:-> 1 , b:-> 42]  = [ b:1 , a:42] 
008|print( ~msg 'a ' .. a:1 .. ' b ' .. b:42 .. '' )...

