square of i is
rectangular-complex: real -1 imaginary 0
twice i is
rectangular-complex: real -2 imaginary 0
absolute is 1.732051e+00
