point x-pos: 10  y-pos: 10
point x-pos: 11  y-pos: 9
point-accessors x = 11  y = 9
