position x = 42 y = 10
position x = 52 y = 20
horizontal postion 52 vertical position 20
