push: has 1 elements
push: has 2 elements
push: has 3 elements
pop: has 3 elements
pop: result is 3
pop: has 2 elements
pop: result is 2
pop: has 1 elements
pop: result is 1
Error: empty stack
pop: result is 
