020|... := makethread( ~thread sub myrange(~from , ~to) )...
020|th := makethread( ~thread sub myrange(~from , ~to) ):-> sub myrange
022|th:-> sub myrange( ~from 1 ~to 10 )...
004| i = from:-> 1
005| while (i:1 <= to:-> 10):true
010|  threadyield0( ~yieldval i:1 )...
024|   ... = threadyieldvalue( ~thread th:-> sub myrange(~from , ~to) )...
024|   [ running:1 , value:-> 1]  = threadyieldvalue( ~thread th:-> sub myrange(~from , ~to) ):->(0x8cd40a0)
026|   while (running:1 != 0):true
028|    println( ~msg 'thread returned ' .. value:1 .. '' )...
030|    ... = resumethread( ~thread th:-> sub myrange(~from , ~to) )...
030|  ... = resumethread( ~thread th:-> sub myrange(~from , ~to) ):-> Nill
012|  i = (i:1 + 1):2
013| end
005| while (i:2 <= to:-> 10):true
010|  threadyield0( ~yieldval i:2 )...
030|    [ running:1 , value:-> 2]  =threadyield0( ~yieldval i:2 ):->(0x8cd4210)
031|   end
026|   while (running:1 != 0):true
028|    println( ~msg 'thread returned ' .. value:2 .. '' )...
030|    ... = resumethread( ~thread th:-> sub myrange(~from , ~to) )...
030|  ... = resumethread( ~thread th:-> sub myrange(~from , ~to) ):-> Nill
012|  i = (i:2 + 1):3
013| end
005| while (i:3 <= to:-> 10):true
010|  threadyield0( ~yieldval i:3 )...
030|    [ running:1 , value:-> 3]  =threadyield0( ~yieldval i:3 ):->(0x8cd4308)
031|   end
026|   while (running:1 != 0):true
028|    println( ~msg 'thread returned ' .. value:3 .. '' )...
030|    ... = resumethread( ~thread th:-> sub myrange(~from , ~to) )...
030|  ... = resumethread( ~thread th:-> sub myrange(~from , ~to) ):-> Nill
012|  i = (i:3 + 1):4
013| end
005| while (i:4 <= to:-> 10):true
010|  threadyield0( ~yieldval i:4 )...
030|    [ running:1 , value:-> 4]  =threadyield0( ~yieldval i:4 ):->(0x8cd4400)
031|   end
026|   while (running:1 != 0):true
028|    println( ~msg 'thread returned ' .. value:4 .. '' )...
030|    ... = resumethread( ~thread th:-> sub myrange(~from , ~to) )...
030|  ... = resumethread( ~thread th:-> sub myrange(~from , ~to) ):-> Nill
012|  i = (i:4 + 1):5
013| end
005| while (i:5 <= to:-> 10):true
010|  threadyield0( ~yieldval i:5 )...
030|    [ running:1 , value:-> 5]  =threadyield0( ~yieldval i:5 ):->(0x8cd44f8)
031|   end
026|   while (running:1 != 0):true
028|    println( ~msg 'thread returned ' .. value:5 .. '' )...
030|    ... = resumethread( ~thread th:-> sub myrange(~from , ~to) )...
030|  ... = resumethread( ~thread th:-> sub myrange(~from , ~to) ):-> Nill
012|  i = (i:5 + 1):6
013| end
005| while (i:6 <= to:-> 10):true
010|  threadyield0( ~yieldval i:6 )...
030|    [ running:1 , value:-> 6]  =threadyield0( ~yieldval i:6 ):->(0x8cd45f0)
031|   end
026|   while (running:1 != 0):true
028|    println( ~msg 'thread returned ' .. value:6 .. '' )...
030|    ... = resumethread( ~thread th:-> sub myrange(~from , ~to) )...
030|  ... = resumethread( ~thread th:-> sub myrange(~from , ~to) ):-> Nill
012|  i = (i:6 + 1):7
013| end
005| while (i:7 <= to:-> 10):true
010|  threadyield0( ~yieldval i:7 )...
030|    [ running:1 , value:-> 7]  =threadyield0( ~yieldval i:7 ):->(0x8cd46e8)
031|   end
026|   while (running:1 != 0):true
028|    println( ~msg 'thread returned ' .. value:7 .. '' )...
030|    ... = resumethread( ~thread th:-> sub myrange(~from , ~to) )...
030|  ... = resumethread( ~thread th:-> sub myrange(~from , ~to) ):-> Nill
012|  i = (i:7 + 1):8
013| end
005| while (i:8 <= to:-> 10):true
010|  threadyield0( ~yieldval i:8 )...
030|    [ running:1 , value:-> 8]  =threadyield0( ~yieldval i:8 ):->(0x8cd47e0)
031|   end
026|   while (running:1 != 0):true
028|    println( ~msg 'thread returned ' .. value:8 .. '' )...
030|    ... = resumethread( ~thread th:-> sub myrange(~from , ~to) )...
030|  ... = resumethread( ~thread th:-> sub myrange(~from , ~to) ):-> Nill
012|  i = (i:8 + 1):9
013| end
005| while (i:9 <= to:-> 10):true
010|  threadyield0( ~yieldval i:9 )...
030|    [ running:1 , value:-> 9]  =threadyield0( ~yieldval i:9 ):->(0x8cd48a8)
031|   end
026|   while (running:1 != 0):true
028|    println( ~msg 'thread returned ' .. value:9 .. '' )...
030|    ... = resumethread( ~thread th:-> sub myrange(~from , ~to) )...
030|  ... = resumethread( ~thread th:-> sub myrange(~from , ~to) ):-> Nill
012|  i = (i:9 + 1):10
013| end
005| while (i:10 <= to:-> 10):true
010|  threadyield0( ~yieldval i:10 )...
030|    [ running:1 , value:-> 10]  =threadyield0( ~yieldval i:10 ):->(0x8cd4a18)
031|   end
026|   while (running:1 != 0):true
028|    println( ~msg 'thread returned ' .. value:10 .. '' )...
030|    ... = resumethread( ~thread th:-> sub myrange(~from , ~to) )...
030|  ... = resumethread( ~thread th:-> sub myrange(~from , ~to) ):-> Nill
012|  i = (i:10 + 1):11
013| end
005| while (i:11 <= to:-> 10):false
013| end # finish loop
030|    [ running:0 , value:Nill]  =
031|   end
026|   while (running:0 != 0):false
031|   end # finish loop
033|   stopthread( ~thread th:-> sub myrange(~from , ~to) )...
