thread returned 2
thread returned 3
thread returned 5
thread returned 8
thread returned 13
thread returned 21
thread returned 34
thread returned 55
thread returned 89
thread returned 144
