while loop with skip and break
1
3
5
7
9
for loop with skip and break
1
3
5
7
9
*** eof ***
