thread returned 1
thread returned 2
thread returned 3
thread returned 4
thread returned 5
thread returned 6
thread returned 7
thread returned 8
thread returned 9
thread returned 10
