fold left - sum: 15
fold right - sum: 15
fold left - sum of squares: 55
fold right - sum of squares: 55
filter - filter odd numbers: [ -> 2, -> 4 ]
*** mapcopy - square root of numbers ***
1
4
9
16
25
*** mapreplace - add one to array ***
2
5
10
17
26
