fold right - sum: 301
fold left - sum: 16
filter - filter odd numbers: [ -> 2 ]
*** map - square root of numbers ***
1
9
36
*** mapreplace - add one to array ***
2
10
37
