queue of numbers
1
2
3
4
stack of arrays
1 - 2
2 - 3
3 - 4
5 - 6
*** eof stack test ***