stack of numbers
4
3
2
1
stack of arrays
5 - 6
3 - 4
2 - 3
1 - 2
*** eof stack test ***