*** breadth first search iterator ***
node 1
node 3
node 2
node 5
node 4
node 6
*** depth first search iterator ***
node 1
node 2
node 4
node 5
node 6
node 3
